
Running 1 test using 1 worker

  ?? 1 [chromium] ??tests\e2e\simulation-verification.spec.ts:139:5 ??2028 Simulation - Golden Cross ??should show exponential growth and profitability (13.8s)


  1) [chromium] ??tests\e2e\simulation-verification.spec.ts:139:5 ??2028 Simulation - Golden Cross ??should show exponential growth and profitability 

    Error: locator.click: Error: strict mode violation: getByRole('button', { name: /??쒕낫??i }) resolved to 2 elements:
        1) <button class="w-full group flex items-center justify-between px-4 py-3 rounded-2xl transition-all duration-300 relative bg-indigo-600 text-white shadow-xl shadow-indigo-600/20 active-glow">??/button> aka getByRole('button', { name: 'CFO ??쒕낫?? })
        2) <button class="w-full group flex items-center justify-between px-4 py-3 rounded-2xl transition-all duration-300 relative text-slate-500 hover:bg-white/[0.03] hover:text-slate-200">??/button> aka getByRole('button', { name: '由ъ뒪????쒕낫?? })

    Call log:
    [2m  - waiting for getByRole('button', { name: /??쒕낫??i })[22m


      148 |         // Check dashboard for positive metrics
      149 |         const dashboardTab = page.getByRole('button', { name: /??쒕낫??i });
    > 150 |         await dashboardTab.click();
          |                            ^
      151 |         await page.waitForTimeout(3000);
      152 |
      153 |         // Verify Net Income is visible (should be positive in 2028)
        at C:\Projects\AccountingFlow\tests\e2e\simulation-verification.spec.ts:150:28

    attachment #1: screenshot (image/png) ??????????????????????????????????????????????????????????
    test-results\simulation-verification-20-cbfb8-al-growth-and-profitability-chromium\test-failed-1.png
    ????????????????????????????????????????????????????????????????????????????????????????????????

    Error Context: test-results\simulation-verification-20-cbfb8-al-growth-and-profitability-chromium\error-context.md

  1 failed
    [chromium] ??tests\e2e\simulation-verification.spec.ts:139:5 ??2028 Simulation - Golden Cross ??should show exponential growth and profitability 
